[    0.000000] Linux version 7.3.0-rc6-next-20261005-cbopp (root@cbopp) (gcc (GCC) 15.2.0, GNU ld (GNU Binutils) 2.45) #1 SMP PREEMPT_DYNAMIC Tue Oct  6 10:49:32 CEST 2026
[    0.000000] Command line: BOOT_IMAGE=/vmlinuz-7.3.0-rc6-next-20261005-cbopp root=/dev/sda4 ro
[    0.000000] [Firmware Bug]: TSC doesn't count with P0 frequency!
[    0.000000] BIOS-provided physical RAM map:
[    0.000000] BIOS-e820: [mem 0x0000000000000000-0x000000000009fbff]  System RAM
[    0.000000] BIOS-e820: [mem 0x000000000009fc00-0x000000000009ffff]  device reserved
[    0.000000] BIOS-e820: [gap 0x00000000000a0000-0x00000000000effff]
[    0.000000] BIOS-e820: [mem 0x00000000000f0000-0x00000000000fffff]  device reserved
[    0.000000] BIOS-e820: [mem 0x0000000000100000-0x00000000dffeffff]  System RAM
[    0.000000] BIOS-e820: [mem 0x00000000dfff0000-0x00000000dfffffff]  ACPI data
[    0.000000] BIOS-e820: [gap 0x00000000e0000000-0x00000000febfffff]
[    0.000000] BIOS-e820: [mem 0x00000000fec00000-0x00000000fec00fff]  device reserved
[    0.000000] BIOS-e820: [gap 0x00000000fec01000-0x00000000fedfffff]
[    0.000000] BIOS-e820: [mem 0x00000000fee00000-0x00000000fee00fff]  device reserved
[    0.000000] BIOS-e820: [gap 0x00000000fee01000-0x00000000fffbffff]
[    0.000000] BIOS-e820: [mem 0x00000000fffc0000-0x00000000ffffffff]  device reserved
[    0.000000] BIOS-e820: [mem 0x0000000100000000-0x00000005087fffff]  System RAM
[    0.000000] NX (Execute Disable) protection: active
[    0.000000] APIC: Static calls initialized
[    0.000000] DMI: SMBIOS 2.5 present.
[    0.000000] DMI: innotek GmbH VirtualBox/VirtualBox, BIOS VirtualBox 12/01/2006
[    0.000000] DMI: Memory slots populated: 0/0
[    0.000000] Hypervisor detected: KVM
[    0.000000] last_pfn = 0xe0000 max_arch_pfn = 0x400000000
[    0.000000] kvm-clock: Using msrs 4b564d01 and 4b564d00
[    0.000002] kvm-clock: using sched offset of 7461908015 cycles
[    0.000004] clocksource: kvm-clock: mask: 0xffffffffffffffff max_cycles: 0x1cd42e4dffb, max_idle_ns: 881590591483 ns
[    0.000006] tsc: Detected 3293.808 MHz processor
[    0.000679] e820: update [mem 0x00000000-0x00000fff] System RAM ==> device reserved
[    0.000681] e820: remove [mem 0x000a0000-0x000fffff] System RAM
[    0.000683] last_pfn = 0x508800 max_arch_pfn = 0x400000000
[    0.000725] MTRR map: 6 entries (3 fixed + 3 variable; max 35), built from 16 variable MTRRs
[    0.000727] x86/PAT: Configuration [0-7]: WB  WC  UC- UC  WB  WP  UC- WT  
[    0.000789] e820: update [mem 0xe0000000-0xffffffff] System RAM ==> device reserved
[    0.000792] last_pfn = 0xe0000 max_arch_pfn = 0x400000000
[    0.003399] found SMP MP-table at [mem 0x0009fbf0-0x0009fbff]
[    0.003818] ACPI: Early table checksum verification disabled
[    0.003828] ACPI: RSDP 0x00000000000E0000 000024 (v02 VBOX  )
[    0.003834] ACPI: XSDT 0x00000000DFFF0030 00003C (v01 VBOX   VBOXXSDT 00000001 ASL  00000061)
[    0.003838] ACPI: FACP 0x00000000DFFF00F0 0000F4 (v04 VBOX   VBOXFACP 00000001 ASL  00000061)
[    0.003840] ACPI: DSDT 0x00000000DFFF0370 002353 (v02 VBOX   VBOXBIOS 00000002 VBOX 0002AB1D)
[    0.003842] ACPI: FACS 0x00000000DFFF0200 000040
[    0.003842] ACPI: FACS 0x00000000DFFF0200 000040
[    0.003843] ACPI: APIC 0x00000000DFFF0240 00008C (v02 VBOX   VBOXAPIC 00000001 ASL  00000061)
[    0.003844] ACPI: SSDT 0x00000000DFFF02D0 000094 (v01 VBOX   VBOXCPUT 00000002 VBOX 0002AB1D)
[    0.003845] ACPI: Reserving FACP table memory at [mem 0xdfff00f0-0xdfff01e3]
[    0.003846] ACPI: Reserving DSDT table memory at [mem 0xdfff0370-0xdfff26c2]
[    0.003846] ACPI: Reserving FACS table memory at [mem 0xdfff0200-0xdfff023f]
[    0.003847] ACPI: Reserving FACS table memory at [mem 0xdfff0200-0xdfff023f]
[    0.003847] ACPI: Reserving APIC table memory at [mem 0xdfff0240-0xdfff02cb]
[    0.003847] ACPI: Reserving SSDT table memory at [mem 0xdfff02d0-0xdfff0363]
[    0.003958] No NUMA configuration found
[    0.003959] Faking a node at [mem 0x0000000000000000-0x00000005087fffff]
[    0.003960] NODE_DATA(0) allocated [mem 0x5087ed780-0x5087f0fff]
[    0.004145] ACPI: PM-Timer IO Port: 0x4008
[    0.004183] IOAPIC[0]: apic_id 8, version 32, address 0xfec00000, GSI 0-23
[    0.004184] ACPI: INT_SRC_OVR (bus 0 bus_irq 0 global_irq 2 dfl dfl)
[    0.004185] ACPI: INT_SRC_OVR (bus 0 bus_irq 9 global_irq 9 low level)
[    0.004187] ACPI: Using ACPI (MADT) for SMP configuration information
[    0.004190] CPU topo: Max. logical packages:   1
[    0.004191] CPU topo: Max. logical nodes:      1
[    0.004191] CPU topo: Num. nodes per package:  1
[    0.004193] CPU topo: Max. logical dies:       1
[    0.004193] CPU topo: Max. dies per package:   1
[    0.004196] CPU topo: Max. threads per core:   1
[    0.004196] CPU topo: Num. cores per package:     8
[    0.004196] CPU topo: Num. threads per package:   8
[    0.004196] CPU topo: Allowing 8 present CPUs plus 0 hotplug CPUs
[    0.004206] PM: hibernation: Registered nosave memory: [mem 0x00000000-0x00000fff]
[    0.004206] PM: hibernation: Registered nosave memory: [mem 0x0009f000-0x000fffff]
[    0.004207] PM: hibernation: Registered nosave memory: [mem 0xdfff0000-0xffffffff]
[    0.004208] [gap 0xe0000000-0xfebfffff] available for PCI devices
[    0.004208] Booting paravirtualized kernel on KVM
[    0.004209] clocksource: refined-jiffies: mask: 0xffffffff max_cycles: 0xffffffff, max_idle_ns: 1910969940391419 ns
[    0.008596] Zone ranges:
[    0.008596]   DMA      [mem 0x0000000000001000-0x0000000000ffffff]
[    0.008598]   DMA32    [mem 0x0000000001000000-0x00000000ffffffff]
[    0.008598]   Normal   [mem 0x0000000100000000-0x00000005087fffff]
[    0.008599] Movable zone start for each node
[    0.008599] Early memory node ranges
[    0.008599]   node   0: [mem 0x0000000000001000-0x000000000009efff]
[    0.008600]   node   0: [mem 0x0000000000100000-0x00000000dffeffff]
[    0.008600]   node   0: [mem 0x0000000100000000-0x00000005087fffff]
[    0.008601] Initmem setup node 0 [mem 0x0000000000001000-0x00000005087fffff]
[    0.008914] On node 0, zone DMA: 1 pages in unavailable ranges
[    0.008933] On node 0, zone DMA: 97 pages in unavailable ranges
[    0.080685] On node 0, zone Normal: 16 pages in unavailable ranges
[    0.080790] On node 0, zone Normal: 30720 pages in unavailable ranges
[    0.080803] setup_percpu: NR_CPUS:64 nr_cpumask_bits:8 nr_cpu_ids:8 nr_node_ids:1
[    0.081135] percpu: Embedded 53 pages/cpu s178328 r8192 d30568 u262144
[    0.081143] pcpu-alloc: s178328 r8192 d30568 u262144 alloc=1*2097152
[    0.081145] pcpu-alloc: [0] 0 1 2 3 4 5 6 7 
[    0.081160] Kernel command line: BOOT_IMAGE=/vmlinuz-7.3.0-rc6-next-20261005-cbopp root=/dev/sda4 ro
[    0.081408] random: crng init done
[    0.081409] printk: log buffer data + meta data: 262144 + 917504 = 1179648 bytes
[    0.086640] Dentry cache hash table entries: 4194304 (order: 13, 33554432 bytes, linear)
[    0.089172] Inode-cache hash table entries: 2097152 (order: 12, 16777216 bytes, linear)
[    0.089232] software IO TLB: area num 8.
[    0.100452] Fallback order for Node 0: 0 
[    0.100460] Built 1 zonelists, mobility grouping on.  Total pages: 5146510
[    0.100461] Policy zone: Normal
[    0.100464] mem auto-init: stack:all(zero), heap alloc:off, heap free:off
[    0.118171] SLUB: HWalign=64, Order=0-3, MinObjects=0, CPUs=8, Nodes=1
[    0.118239] Dynamic Preempt: full
[    0.118554] rcu: Preemptible hierarchical RCU implementation.
[    0.118555] rcu: 	RCU event tracing is enabled.
[    0.118555] rcu: 	RCU restricting CPUs from NR_CPUS=64 to nr_cpu_ids=8.
[    0.118557] 	Trampoline variant of Tasks RCU enabled.
[    0.118557] 	Tracing variant of Tasks RCU enabled.
[    0.118558] rcu: RCU calculated value of scheduler-enlistment delay is 100 jiffies.
[    0.118559] rcu: Adjusting geometry for rcu_fanout_leaf=16, nr_cpu_ids=8
[    0.118567] RCU Tasks: Setting shift to 3 and lim to 1 rcu_task_cb_adjust=1 rcu_task_cpu_ids=8.
[    0.124980] NR_IRQS: 4352, nr_irqs: 488, preallocated irqs: 16
[    0.125171] rcu: srcu_init: Setting srcu_struct sizes based on contention.
[    0.125504] clocksource: jiffies: mask: 0xffffffff max_cycles: 0xffffffff, max_idle_ns: 1911260446275000 ns
[    0.125628] Console: colour dummy device 80x25
[    0.125630] printk: legacy console [tty0] enabled
[    0.125740] ACPI: Core revision 20260408
[    0.125801] APIC: Switch to symmetric I/O mode setup
[    0.126030] x2apic enabled
[    0.126283] APIC: Switched APIC routing to: physical x2apic
[    0.127296] ..TIMER: vector=0x30 apic1=0 pin1=2 apic2=-1 pin2=-1
[    0.127317] clocksource: tsc-early: mask: 0xffffffffffffffff max_cycles: 0x2f7a7357994, max_idle_ns: 440795345789 ns
[    0.127322] Calibrating delay loop (skipped) preset value.. 6587.61 BogoMIPS (lpj=3293808)
[    0.127429] Last level iTLB entries: 4KB 512, 2MB 512, 4MB 256
[    0.127430] Last level dTLB entries: 4KB 3072, 2MB 3072, 4MB 1536, 1GB 0
[    0.127433] mitigations: Enabled attack vectors: user_kernel, user_user, SMT mitigations: auto
[    0.127437] Speculative Return Stack Overflow: IBPB-extending microcode not applied!
[    0.127438] Speculative Return Stack Overflow: WARNING: See https://kernel.org/doc/html/latest/admin-guide/hw-vuln/srso.html for mitigation options.
[    0.127439] Transient Scheduler Attacks: Vulnerable: No microcode
[    0.127442] Spectre V2 : Mitigation: Retpolines
[    0.127443] Speculative Return Stack Overflow: Vulnerable: Safe RET, no microcode
[    0.127445] Spectre V1 : Mitigation: usercopy/swapgs barriers and __user pointer sanitization
[    0.127447] Spectre V2 : Spectre v2 / SpectreRSB: Filling RSB on context switch and VMEXIT
[    0.127449] Spectre V2 : mitigation: Enabling conditional Indirect Branch Prediction Barrier
[    0.127451] active return thunk: srso_alias_return_thunk
[    0.127470] x86/fpu: Supporting XSAVE feature 0x001: 'x87 floating point registers'
[    0.127472] x86/fpu: Supporting XSAVE feature 0x002: 'SSE registers'
[    0.127474] x86/fpu: Supporting XSAVE feature 0x004: 'AVX registers'
[    0.127475] x86/fpu: xstate_offset[2]:  576, xstate_sizes[2]:  256
[    0.127477] x86/fpu: Enabled xstate features 0x7, context size is 832 bytes, using 'standard' format.
[    0.128320] pid_max: default: 32768 minimum: 301
[    0.128320] SELinux:  Initializing.
[    0.128320] Mount-cache hash table entries: 65536 (order: 7, 524288 bytes, linear)
[    0.128320] Mountpoint-cache hash table entries: 65536 (order: 7, 524288 bytes, linear)
[    0.128320] VFS: Finished mounting rootfs on nullfs
[    0.241710] APIC calibration not consistent with PM-Timer: 111ms instead of 100ms
[    0.241722] APIC delta adjusted to PM-Timer: 6250029 (6966798)
[    0.241783] smpboot: CPU0: AMD Ryzen 7 PRO 7840U w/ Radeon 780M Graphics (family: 0x19, model: 0x74, stepping: 0x1)
[    0.242012] Performance Events: PMU not available due to virtualization, using software events only.
[    0.242046] signal: max sigframe size: 1776
[    0.242078] rcu: Hierarchical SRCU implementation.
[    0.242082] rcu: 	Max phase no-delay instances is 400.
[    0.242120] Timer migration: 1 hierarchy levels; 8 children per group; 1 crossnode level
[    0.246370] smp: Bringing up secondary CPUs ...
[    0.246467] smpboot: x86: Booting SMP configuration:
[    0.246471] .... node  #0, CPUs:      #1 #2 #3 #4 #5 #6 #7
[    0.255379] smp: Brought up 1 node, 8 CPUs
[    0.255387] smpboot: Total of 8 processors activated (52700.92 BogoMIPS)
[    0.256714] Memory: 20093556K/20586040K available (20193K kernel code, 3011K rwdata, 8252K rodata, 2984K init, 620K bss, 484976K reserved, 0K cma-reserved)
[    0.256778] devtmpfs: initialized
[    0.257591] posixtimers hash table entries: 4096 (order: 4, 65536 bytes, linear)
[    0.257614] futex hash table entries: 2048 (131072 bytes on 1 NUMA nodes, total 128 KiB, linear).
[    0.258322] PM: RTC time: 10:42:07, date: 2026-10-06
[    0.258423] NET: Registered PF_NETLINK/PF_ROUTE protocol family
[    0.258522] audit: initializing netlink subsys (disabled)
[    0.258532] audit: type=2000 audit(1791283958.941:1): state=initialized audit_enabled=0 res=1
[    0.258532] thermal_sys: Registered thermal governor 'step_wise'
[    0.258532] cpuidle: using governor menu
[    0.259360] PCI: Using configuration type 1 for base access
[    0.259364] PCI: Using configuration type 1 for extended access
[    0.259410] kprobes: kprobe jump-optimization is enabled. All kprobes are optimized if possible.
[    0.259410] HugeTLB: registered 2.00 MiB page size, pre-allocated 0 pages
[    0.259410] HugeTLB: 28 KiB vmemmap can be freed for a 2.00 MiB page
[    0.261000] ACPI: Added _OSI(Module Device)
[    0.261004] ACPI: Added _OSI(Processor Device)
[    0.261007] ACPI: Added _OSI(Processor Aggregator Device)
[    0.262690] ACPI: 2 ACPI AML tables successfully acquired and loaded
[    0.263891] ACPI: \_SB_: platform _OSC: OS support mask [002a7eee]
[    0.264364] ACPI: Interpreter enabled
[    0.264458] ACPI: PM: (supports S0 S5)
[    0.264462] ACPI: Using IOAPIC for interrupt routing
[    0.264606] PCI: Using host bridge windows from ACPI; if necessary, use "pci=nocrs" and report a bug
[    0.264611] PCI: Using E820 reservations for host bridge windows
[    0.264692] ACPI: Enabled 2 GPEs in block 00 to 07
[    0.269510] ACPI: PCI Root Bridge [PCI0] (domain 0000 [bus 00-ff])
[    0.269523] acpi PNP0A03:00: _OSC: OS supports [ExtendedConfig ASPM ClockPM Segments MSI HPX-Type3]
[    0.269821] acpi PNP0A03:00: _OSC: platform does not support [PCIeCapability LTR]
[    0.270325] acpi PNP0A03:00: _OSC: not requesting control; platform does not support [PCIeCapability]
[    0.270331] acpi PNP0A03:00: _OSC: OS requested [PME PCIeCapability LTR]
[    0.270335] acpi PNP0A03:00: _OSC: platform willing to grant [PME]
[    0.270342] acpi PNP0A03:00: _OSC: platform retains control of PCIe features (AE_SUPPORT)
[    0.270440] PCI host bridge to bus 0000:00
[    0.270444] pci_bus 0000:00: root bus resource [io  0x0000-0x0cf7 window]
[    0.270449] pci_bus 0000:00: root bus resource [io  0x0d00-0xffff window]
[    0.270453] pci_bus 0000:00: root bus resource [mem 0x000a0000-0x000bffff window]
[    0.270458] pci_bus 0000:00: root bus resource [mem 0xe0000000-0xfdffffff window]
[    0.270466] pci_bus 0000:00: root bus resource [bus 00-ff]
[    0.270631] pci 0000:00:00.0: [8086:1237] type 00 class 0x060000 conventional PCI endpoint
[    0.270917] pci 0000:00:01.0: [8086:7000] type 00 class 0x060100 conventional PCI endpoint
[    0.271408] pci 0000:00:01.1: [8086:7111] type 00 class 0x01018a conventional PCI endpoint
[    0.271574] pci 0000:00:01.1: BAR 4 [io  0xd000-0xd00f]
[    0.271600] pci 0000:00:01.1: BAR 0 [io  0x01f0-0x01f7]: legacy IDE quirk
[    0.271604] pci 0000:00:01.1: BAR 1 [io  0x03f6]: legacy IDE quirk
[    0.271608] pci 0000:00:01.1: BAR 2 [io  0x0170-0x0177]: legacy IDE quirk
[    0.271612] pci 0000:00:01.1: BAR 3 [io  0x0376]: legacy IDE quirk
[    0.271718] pci 0000:00:02.0: [15ad:0405] type 00 class 0x030000 conventional PCI endpoint
[    0.272361] pci 0000:00:02.0: BAR 0 [io  0xd010-0xd01f]
[    0.272394] pci 0000:00:02.0: BAR 1 [mem 0xe0000000-0xe0ffffff pref]
[    0.272413] pci 0000:00:02.0: BAR 2 [mem 0xf0000000-0xf01fffff]
[    0.272518] pci 0000:00:02.0: Video device with shadowed ROM at [mem 0x000c0000-0x000dffff]
[    0.272819] pci 0000:00:03.0: [8086:100e] type 00 class 0x020000 conventional PCI endpoint
[    0.273560] pci 0000:00:03.0: BAR 0 [mem 0xf0200000-0xf021ffff]
[    0.273600] pci 0000:00:03.0: BAR 2 [io  0xd020-0xd027]
[    0.274374] pci 0000:00:04.0: [80ee:cafe] type 00 class 0x088000 conventional PCI endpoint
[    0.275320] pci 0000:00:04.0: BAR 0 [io  0xd040-0xd05f]
[    0.275320] pci 0000:00:04.0: BAR 1 [mem 0xf0400000-0xf07fffff]
[    0.275320] pci 0000:00:04.0: BAR 2 [mem 0xf0800000-0xf0803fff pref]
[    0.275389] pci 0000:00:05.0: [8086:2415] type 00 class 0x040100 conventional PCI endpoint
[    0.275545] pci 0000:00:05.0: BAR 0 [io  0xd100-0xd1ff]
[    0.275553] pci 0000:00:05.0: BAR 1 [io  0xd200-0xd23f]
[    0.275677] pci 0000:00:06.0: [106b:003f] type 00 class 0x0c0310 conventional PCI endpoint
[    0.276320] pci 0000:00:06.0: BAR 0 [mem 0xf0804000-0xf0804fff]
[    0.276645] pci 0000:00:07.0: [8086:7113] type 00 class 0x068000 conventional PCI endpoint
[    0.276923] pci 0000:00:07.0: quirk: [io  0x4000-0x403f] claimed by PIIX4 ACPI
[    0.276937] pci 0000:00:07.0: quirk: [io  0x4100-0x410f] claimed by PIIX4 SMB
[    0.277403] pci 0000:00:0b.0: [8086:265c] type 00 class 0x0c0320 conventional PCI endpoint
[    0.278320] pci 0000:00:0b.0: BAR 0 [mem 0xf0805000-0xf0805fff]
[    0.278385] pci 0000:00:0d.0: [8086:2829] type 00 class 0x010601 conventional PCI endpoint
[    0.279320] pci 0000:00:0d.0: BAR 0 [io  0xd240-0xd247]
[    0.279320] pci 0000:00:0d.0: BAR 1 [io  0xd248-0xd24b]
[    0.279323] pci 0000:00:0d.0: BAR 2 [io  0xd250-0xd257]
[    0.279336] pci 0000:00:0d.0: BAR 3 [io  0xd258-0xd25b]
[    0.279348] pci 0000:00:0d.0: BAR 4 [io  0xd260-0xd26f]
[    0.279365] pci 0000:00:0d.0: BAR 5 [mem 0xf0806000-0xf0807fff]
[    0.281418] pci 0000:00:00.0: [Firmware Bug]: ACPI status differs from reality
[    0.281983] ACPI: PCI: Interrupt link LNKA configured for IRQ 11
[    0.282396] ACPI: PCI: Interrupt link LNKB configured for IRQ 10
[    0.282454] ACPI: PCI: Interrupt link LNKC configured for IRQ 9
[    0.282510] ACPI: PCI: Interrupt link LNKD configured for IRQ 11
[    0.282678] iommu: Default domain type: Translated
[    0.282681] iommu: DMA domain TLB invalidation policy: lazy mode
[    0.284440] SCSI subsystem initialized
[    0.284457] libata version 3.00 loaded.
[    0.284457] ACPI: bus type USB registered
[    0.284457] usbcore: registered new interface driver usbfs
[    0.284470] usbcore: registered new interface driver hub
[    0.284486] usbcore: registered new device driver usb
[    0.285328] pps_core: LinuxPPS API ver. 1 registered
[    0.285335] pps_core: Software ver. 5.3.6 - Copyright 2005-2007 Rodolfo Giometti <giometti@linux.it>
[    0.285344] PTP clock support registered
[    0.285385] Advanced Linux Sound Architecture Driver Initialized.
[    0.285662] NetLabel: Initializing
[    0.285667] NetLabel:  domain hash size = 128
[    0.285671] NetLabel:  protocols = UNLABELED CIPSOv4 CALIPSO
[    0.285705] NetLabel:  unlabeled traffic allowed by default
[    0.285735] PCI: Using ACPI for IRQ routing
[    0.285735] PCI: pci_cache_line_size set to 64 bytes
[    0.285735] e820: register RAM buffer resource [mem 0x0009fc00-0x0009ffff]
[    0.285735] e820: register RAM buffer resource [mem 0xdfff0000-0xdfffffff]
[    0.285735] e820: register RAM buffer resource [mem 0x508800000-0x50bffffff]
[    0.285735] pci 0000:00:02.0: vgaarb: setting as boot VGA device
[    0.285735] pci 0000:00:02.0: vgaarb: bridge control possible
[    0.285735] pci 0000:00:02.0: vgaarb: VGA device added: decodes=io+mem,owns=io+mem,locks=none
[    0.286322] vgaarb: loaded
[    0.286422] clocksource: Switched to clocksource kvm-clock
[    0.289158] VFS: Disk quotas dquot_6.6.0
[    0.289166] VFS: Dquot-cache hash table entries: 512 (4096 bytes)
[    0.289346] pnp: PnP ACPI init
[    0.289852] pnp: PnP ACPI: found 2 devices
[    0.294469] clocksource: acpi_pm: mask: 0xffffff max_cycles: 0xffffff, max_idle_ns: 2085701024 ns
[    0.294505] NET: Registered PF_INET protocol family
[    0.294886] IP idents hash table entries: 262144 (order: 9, 2097152 bytes, linear)
[    0.295464] tcp_listen_portaddr_hash hash table entries: 16384 (order: 6, 262144 bytes, linear)
[    0.295464] Table-perturb hash table entries: 65536 (order: 6, 262144 bytes, linear)
[    0.295464] TCP established hash table entries: 262144 (order: 9, 2097152 bytes, linear)
[    0.295464] TCP bind hash table entries: 65536 (order: 9, 2097152 bytes, linear)
[    0.295464] TCP: Hash tables configured (established 262144 bind 65536)
[    0.295464] UDP hash table entries: 16384 (order: 8, 1048576 bytes, linear)
[    0.295464] NET: Registered PF_UNIX/PF_LOCAL protocol family
[    0.298397] RPC: Registered named UNIX socket transport module.
[    0.298401] RPC: Registered udp transport module.
[    0.298404] RPC: Registered tcp transport module.
[    0.298407] RPC: Registered tcp-with-tls transport module.
[    0.298410] RPC: Registered tcp NFSv4.1 backchannel transport module.
[    0.298812] pci_bus 0000:00: resource 4 [io  0x0000-0x0cf7 window]
[    0.298818] pci_bus 0000:00: resource 5 [io  0x0d00-0xffff window]
[    0.298833] pci_bus 0000:00: resource 6 [mem 0x000a0000-0x000bffff window]
[    0.298838] pci_bus 0000:00: resource 7 [mem 0xe0000000-0xfdffffff window]
[    0.298871] pci 0000:00:00.0: Limiting direct PCI/PCI transfers
[    0.299827] PCI: CLS 0 bytes, default 64
[    0.299827] PCI-DMA: Using software bounce buffering for IO (SWIOTLB)
[    0.300461] software IO TLB: mapped [mem 0x00000000dbff0000-0x00000000dfff0000] (64MB)
[    0.300485] clocksource: tsc: mask: 0xffffffffffffffff max_cycles: 0x2f7a7357994, max_idle_ns: 440795345789 ns
[    0.300512] platform rtc_cmos: registered fallback platform RTC device
[    0.301949] Initialise system trusted keyrings
[    0.302014] workingset: timestamp_bits=40 (anon: 35) max_order=23 bucket_order=0 (anon: 0)
[    0.302173] NFS: Registering the id_resolver key type
[    0.302180] Key type id_resolver registered
[    0.302183] Key type id_legacy registered
[    0.302189] nfs4filelayout_init: NFSv4 File Layout Driver Registering...
[    0.302193] nfs4flexfilelayout_init: NFSv4 Flexfile Layout Driver Registering...
[    0.302244] 9p: Installing v9fs 9p2000 file system support
[    0.303826] Key type asymmetric registered
[    0.303826] Asymmetric key parser 'x509' registered
[    0.303826] Block layer SCSI generic (bsg) driver version 0.4 loaded (major 251)
[    0.303826] io scheduler mq-deadline registered
[    0.303826] io scheduler kyber registered
[    0.311778] ACPI: AC: AC Adapter [AC] (on-line)
[    0.311920] input: Power Button as /devices/platform/LNXPWRBN:00/input/input0
[    0.311978] ACPI: button: Power Button [PWRF]
[    0.312023] input: Sleep Button as /devices/platform/LNXSLPBN:00/input/input1
[    0.312069] ACPI: button: Sleep Button [SLPF]
[    0.312136] ACPI: video: Video Device [GFX0] (multi-head: yes  rom: no  post: no)
[    0.312223] input: Video Bus as /devices/pci0000:00/acpi.video_bus.0/input/input2
[    0.312808] Serial: 8250/16550 driver, 4 ports, IRQ sharing enabled
[    0.313299] Non-volatile memory driver v1.3
[    0.313312] ACPI: battery: Slot [BAT0] (battery present)
[    0.313386] ACPI: bus type drm_connector registered
[    0.315576] loop: module loaded
[    0.316338] ahci 0000:00:0d.0: SSS flag set, parallel bus scan disabled
[    0.316440] ahci 0000:00:0d.0: AHCI vers 0001.0100, 32 command slots, 3 Gbps, SATA mode
[    0.316446] ahci 0000:00:0d.0: 1/1 ports implemented (port mask 0x1)
[    0.316450] ahci 0000:00:0d.0: flags: 64bit ncq stag only ccc 
[    0.316694] scsi host0: ahci
[    0.316743] ata1: SATA max UDMA/133 abar m8192@0xf0806000 port 0xf0806100 irq 21 lpm-pol 1
[    0.317162] scsi host1: ata_piix
[    0.317273] scsi host2: ata_piix
[    0.317303] ata2: PATA max UDMA/33 cmd 0x1f0 ctl 0x3f6 bmdma 0xd000 irq 14 lpm-pol 0
[    0.317308] ata3: PATA max UDMA/33 cmd 0x170 ctl 0x376 bmdma 0xd008 irq 15 lpm-pol 0
[    0.317591] e100: Intel(R) PRO/100 Network Driver
[    0.317595] e100: Copyright(c) 1999-2006 Intel Corporation
[    0.317607] e1000: Intel(R) PRO/1000 Network Driver
[    0.317611] e1000: Copyright (c) 1999-2006 Intel Corporation.
[    0.498410] ata2.00: ATAPI: VBOX CD-ROM, 1.0, max UDMA/133
[    0.731949] ata1: SATA link up 3.0 Gbps (SStatus 123 SControl 300)
[    0.732110] ata1.00: ATA-6: VBOX HARDDISK, 1.0, max UDMA/133
[    0.732118] ata1.00: 62914560 sectors, multi 128: LBA48 NCQ (depth 32)
[    0.732231] ata1.00: configured for UDMA/133
[    0.732476] scsi 0:0:0:0: Direct-Access     ATA      VBOX HARDDISK    1.0  PQ: 0 ANSI: 5
[    0.732898] sd 0:0:0:0: Attached scsi generic sg0 type 0
[    0.732902] sd 0:0:0:0: [sda] 62914560 512-byte logical blocks: (32.2 GB/30.0 GiB)
[    0.732926] sd 0:0:0:0: [sda] Write Protect is off
[    0.732933] sd 0:0:0:0: [sda] Mode Sense: 00 3a 00 00
[    0.732948] sd 0:0:0:0: [sda] Write cache: enabled, read cache: enabled, doesn't support DPO or FUA
[    0.732986] sd 0:0:0:0: [sda] Preferred minimum I/O size 512 bytes
[    0.733289] scsi 1:0:0:0: CD-ROM            VBOX     CD-ROM           1.0  PQ: 0 ANSI: 5
[    0.773104]  sda: sda1 sda2 < sda5 > sda3 sda4
[    0.773493] sd 0:0:0:0: [sda] Attached SCSI disk
[    0.812138] e1000 0000:00:03.0 eth0: (PCI:33MHz:32-bit) 08:00:27:9d:6d:09
[    0.812138] e1000 0000:00:03.0 eth0: Intel(R) PRO/1000 Network Connection
[    0.812138] e1000e: Intel(R) PRO/1000 Network Driver
[    0.812138] e1000e: Copyright(c) 1999 - 2015 Intel Corporation.
[    0.812138] sky2: driver version 1.30
[    0.823363] ehci-pci 0000:00:0b.0: EHCI Host Controller
[    0.823448] ehci-pci 0000:00:0b.0: new USB bus registered, assigned bus number 1
[    0.823670] ehci-pci 0000:00:0b.0: irq 19, io mem 0xf0805000
[    0.861768] sr 1:0:0:0: [sr0] scsi3-mmc drive: 32x/32x xa/form2 tray
[    0.861858] ehci-pci 0000:00:0b.0: USB 2.0 started, EHCI 1.00
[    0.861887] usb usb1: New USB device found: idVendor=1d6b, idProduct=0002, bcdDevice=7.03
[    0.861929] usb usb1: New USB device strings: Mfr=3, Product=2, SerialNumber=1
[    0.861936] usb usb1: Product: EHCI Host Controller
[    0.861941] usb usb1: Manufacturer: Linux 7.3.0-rc6-next-20261005-cbopp ehci_hcd
[    0.861948] usb usb1: SerialNumber: 0000:00:0b.0
[    0.862056] cdrom: Uniform CD-ROM driver Revision: 3.20
[    0.862140] hub 1-0:1.0: USB hub found
[    0.862155] hub 1-0:1.0: 12 ports detected
[    0.862496] ohci-pci 0000:00:06.0: OHCI PCI host controller
[    0.862558] ohci-pci 0000:00:06.0: new USB bus registered, assigned bus number 2
[    0.862619] ohci-pci 0000:00:06.0: irq 22, io mem 0xf0804000
[    0.936067] usb usb2: New USB device found: idVendor=1d6b, idProduct=0001, bcdDevice=7.03
[    0.936110] usb usb2: New USB device strings: Mfr=3, Product=2, SerialNumber=1
[    0.936117] usb usb2: Product: OHCI PCI host controller
[    0.936127] usb usb2: Manufacturer: Linux 7.3.0-rc6-next-20261005-cbopp ohci_hcd
[    0.936133] usb usb2: SerialNumber: 0000:00:06.0
[    0.936297] hub 2-0:1.0: USB hub found
[    0.936316] hub 2-0:1.0: 12 ports detected
[    0.936524] sr 1:0:0:0: Attached scsi CD-ROM sr0
[    0.936618] sr 1:0:0:0: Attached scsi generic sg1 type 5
[    0.936802] usbcore: registered new interface driver usblp
[    0.936820] usbcore: registered new interface driver usb-storage
[    0.936965] i8042: PNP: PS/2 Controller [PNP0303:PS2K,PNP0f03:PS2M] at 0x60,0x64 irq 1,12
[    0.937391] serio: i8042 KBD port at 0x60,0x64 irq 1
[    0.937438] serio: i8042 AUX port at 0x60,0x64 irq 12
[    0.938098] input: AT Translated Set 2 keyboard as /devices/platform/i8042/serio0/input/input3
[    0.938125] rtc_cmos rtc_cmos: registered as rtc0
[    0.938285] rtc_cmos rtc_cmos: alarms up to one day, 114 bytes nvram
[    0.938440] device-mapper: ioctl: 4.50.0-ioctl (2025-04-28) initialised: dm-devel@lists.linux.dev
[    0.938732] simple-framebuffer simple-framebuffer.0: [drm] Registered 1 planes with drm panic
[    0.938778] [drm] Initialized simpledrm 1.0.0 for simple-framebuffer.0 on minor 0
[    0.941826] input: ImExPS/2 Generic Explorer Mouse as /devices/platform/i8042/serio1/input/input5
[    0.941820] Console: switching to colour frame buffer device 128x48
[    0.942491] simple-framebuffer simple-framebuffer.0: [drm] fb0: simpledrmdrmfb frame buffer device
[    0.942523] hid: raw HID events driver (C) Jiri Kosina
[    0.942722] usbcore: registered new interface driver usbhid
[    0.942728] usbhid: USB HID core driver
[    0.943561] nf_conntrack_irc: The irc conntrack helper is scheduled for removal.
               Please contact the netfilter-devel mailing list if you still need this.
[    0.943961] Initializing XFRM netlink socket
[    0.944001] NET: Registered PF_INET6 protocol family
[    0.944297] Segment Routing with IPv6
[    0.944320] In-situ OAM (IOAM) with IPv6
[    0.944363] sit: IPv6, IPv4 and MPLS over IPv4 tunneling driver
[    0.944492] NET: Registered PF_PACKET protocol family
[    0.944534] 9pnet: Installing 9P2000 support
[    0.944561] Key type dns_resolver registered
[    0.945129] IPI shorthand broadcast: enabled
[    0.946822] sched_clock: Marking stable (944005471, 1816838)->(972742655, -26920346)
[    0.949132] registered taskstats version 1
[    0.949151] Loading compiled-in X.509 certificates
[    0.951522] Demotion targets for Node 0: null
[    0.951609] PM:   Magic number: 14:219:729
[    0.951674] netconsole: network logging started
[    0.951740] cfg80211: Loading compiled-in X.509 certificates for regulatory database
[    0.952219] kworker/u32:4 (108) used greatest stack depth: 14424 bytes left
[    0.952741] Loaded X.509 cert 'sforshee: 00b28ddf47aef9cea7'
[    0.953073] Loaded X.509 cert 'wens: 61c038651aabdcf94bd0ac7ff06c7248db18c600'
[    0.953318] ALSA device list:
[    0.953505]   No soundcards found.
[    0.953688] md: Waiting for all devices to be available before autodetect
[    0.953851] md: If you don't use raid, use raid=noautodetect
[    0.954010] md: Autodetecting RAID arrays.
[    0.954164] md: autorun ...
[    0.954321] md: ... autorun DONE.
[    0.954995] faux_driver regulatory: Direct firmware load for regulatory.db failed with error -2
[    0.955159] cfg80211: failed to load regulatory.db
[    0.996234] EXT4-fs (sda4): mounted filesystem 1b5d8dee-0edf-4c66-a0ba-9eaa6125214d ro with ordered data mode. Quota mode: none.
[    0.998429] VFS: Mounted root (ext4 filesystem) readonly on device 8:4.
[    0.999203] devtmpfs: mounted
[    0.999657] VFS: Pivoted into new rootfs
[    1.000865] Freeing unused kernel image (initmem) memory: 2984K
[    1.001131] Write protecting the kernel read-only data: 30720k
[    1.001525] Freeing unused kernel image (text/rodata gap) memory: 284K
[    1.002040] Freeing unused kernel image (rodata/data gap) memory: 1988K
[    1.050659] x86/mm: Checked W+X mappings: passed, no W+X pages found.
[    1.053185] Run /sbin/init as init process
[    1.053481]   with arguments:
[    1.053483]     /sbin/init
[    1.053484]   with environment:
[    1.053486]     HOME=/
[    1.053487]     TERM=linux
[    1.084589] stty (119) used greatest stack depth: 13200 bytes left
[    1.092397] dmesg (120) used greatest stack depth: 12680 bytes left
[    1.096257] ls (122) used greatest stack depth: 12520 bytes left
[    1.135045] clocksource: Switched to clocksource tsc
[    1.215905] usb 2-1: new full-speed USB device number 2 using ohci-pci
[    1.253592] udevd[248]: Starting systemd-udevd version 257.8
[    1.266201] udevd[249]: Using default interface naming scheme 'v257'.
[    1.279563] udevd[249]: /etc/udev/rules.d/99-usb-keyboard.rules:1 The line has no effect, ignoring.
[    1.279917] udevd[249]: /etc/udev/rules.d/99-usb-keyboard.rules:2 The line has no effect, ignoring.
[    1.345209] e1000 0000:00:03.0 enp0s3: renamed from eth0
[    1.643651] usb 2-1: New USB device found: idVendor=80ee, idProduct=0021, bcdDevice=1.00
[    1.659167] usb 2-1: New USB device strings: Mfr=1, Product=3, SerialNumber=0
[    1.659527] usb 2-1: Product: USB Tablet
[    1.659802] usb 2-1: Manufacturer: VirtualBox
[    1.670820] input: VirtualBox USB Tablet as /devices/pci0000:00/0000:00:06.0/usb2/2-1/2-1:1.0/0003:80EE:0021.0001/input/input6
[    1.671812] hid-generic 0003:80EE:0021.0001: input,hidraw0: USB HID v1.10 Mouse [VirtualBox USB Tablet] on usb-0000:00:06.0-1/input0
[    8.247446] clocksource: Watchdog remote CPU 7 read timed out
[   10.587052] Adding 1951740k swap on /dev/sda5.  Priority:1 extents:1 across:1951740k 
[   10.628872] EXT4-fs (sda4): re-mounted 1b5d8dee-0edf-4c66-a0ba-9eaa6125214d.
[   10.646108] fsck.ext4 (365) used greatest stack depth: 11816 bytes left
[   10.701964] EXT4-fs (sda4): re-mounted 1b5d8dee-0edf-4c66-a0ba-9eaa6125214d r/w.
[   10.718571] EXT4-fs (sda3): mounted filesystem b0244f6d-e83f-4e66-a48b-763103f5f8c3 r/w with ordered data mode. Quota mode: none.
[   10.765569] EXT4-fs (sda1): mounted filesystem 22161f90-b50f-48b2-9acb-633e7f29ec14 r/w with ordered data mode. Quota mode: none.
[   11.118853] e1000: enp0s3 NIC Link is Up 1000 Mbps Full Duplex, Flow Control: RX
