[    0.000000] Linux version 7.3.0-rc5-cbopp-00011-g6f8319e3e9a4 (root@cbopp) (gcc (GCC) 15.2.0, GNU ld (GNU Binutils) 2.45) #1 SMP PREEMPT_DYNAMIC Tue Sep 29 17:31:54 CEST 2026
[    0.000000] Command line: BOOT_IMAGE=/vmlinuz-7.3.0-rc5-cbopp-00011-g6f8319e3e9a4 root=/dev/sda4 ro
[    0.000000] [Firmware Bug]: TSC doesn't count with P0 frequency!
[    0.000000] BIOS-provided physical RAM map:
[    0.000000] BIOS-e820: [mem 0x0000000000000000-0x000000000009fbff]  System RAM
[    0.000000] BIOS-e820: [mem 0x000000000009fc00-0x000000000009ffff]  device reserved
[    0.000000] BIOS-e820: [gap 0x00000000000a0000-0x00000000000effff]
[    0.000000] BIOS-e820: [mem 0x00000000000f0000-0x00000000000fffff]  device reserved
[    0.000000] BIOS-e820: [mem 0x0000000000100000-0x00000000dffeffff]  System RAM
[    0.000000] BIOS-e820: [mem 0x00000000dfff0000-0x00000000dfffffff]  ACPI data
[    0.000000] BIOS-e820: [gap 0x00000000e0000000-0x00000000febfffff]
[    0.000000] BIOS-e820: [mem 0x00000000fec00000-0x00000000fec00fff]  device reserved
[    0.000000] BIOS-e820: [gap 0x00000000fec01000-0x00000000fedfffff]
[    0.000000] BIOS-e820: [mem 0x00000000fee00000-0x00000000fee00fff]  device reserved
[    0.000000] BIOS-e820: [gap 0x00000000fee01000-0x00000000fffbffff]
[    0.000000] BIOS-e820: [mem 0x00000000fffc0000-0x00000000ffffffff]  device reserved
[    0.000000] BIOS-e820: [mem 0x0000000100000000-0x00000005087fffff]  System RAM
[    0.000000] NX (Execute Disable) protection: active
[    0.000000] APIC: Static calls initialized
[    0.000000] DMI: SMBIOS 2.5 present.
[    0.000000] DMI: innotek GmbH VirtualBox/VirtualBox, BIOS VirtualBox 12/01/2006
[    0.000000] DMI: Memory slots populated: 0/0
[    0.000000] Hypervisor detected: KVM
[    0.000000] last_pfn = 0xe0000 max_arch_pfn = 0x400000000
[    0.000000] kvm-clock: Using msrs 4b564d01 and 4b564d00
[    0.000000] kvm-clock: using sched offset of 4008911889 cycles
[    0.000002] clocksource: kvm-clock: mask: 0xffffffffffffffff max_cycles: 0x1cd42e4dffb, max_idle_ns: 881590591483 ns
[    0.000004] tsc: Detected 3293.810 MHz processor
[    0.000719] e820: update [mem 0x00000000-0x00000fff] System RAM ==> device reserved
[    0.000721] e820: remove [mem 0x000a0000-0x000fffff] System RAM
[    0.000723] last_pfn = 0x508800 max_arch_pfn = 0x400000000
[    0.000765] MTRR map: 6 entries (3 fixed + 3 variable; max 35), built from 16 variable MTRRs
[    0.000767] x86/PAT: Configuration [0-7]: WB  WC  UC- UC  WB  WP  UC- WT  
[    0.000835] e820: update [mem 0xe0000000-0xffffffff] System RAM ==> device reserved
[    0.000838] last_pfn = 0xe0000 max_arch_pfn = 0x400000000
[    0.003497] found SMP MP-table at [mem 0x0009fbf0-0x0009fbff]
[    0.003954] ACPI: Early table checksum verification disabled
[    0.003956] ACPI: RSDP 0x00000000000E0000 000024 (v02 VBOX  )
[    0.003958] ACPI: XSDT 0x00000000DFFF0030 00003C (v01 VBOX   VBOXXSDT 00000001 ASL  00000061)
[    0.003962] ACPI: FACP 0x00000000DFFF00F0 0000F4 (v04 VBOX   VBOXFACP 00000001 ASL  00000061)
[    0.003965] ACPI: DSDT 0x00000000DFFF0370 002353 (v02 VBOX   VBOXBIOS 00000002 VBOX 0002AB1D)
[    0.003967] ACPI: FACS 0x00000000DFFF0200 000040
[    0.003968] ACPI: FACS 0x00000000DFFF0200 000040
[    0.003969] ACPI: APIC 0x00000000DFFF0240 00008C (v02 VBOX   VBOXAPIC 00000001 ASL  00000061)
[    0.003970] ACPI: SSDT 0x00000000DFFF02D0 000094 (v01 VBOX   VBOXCPUT 00000002 VBOX 0002AB1D)
[    0.003971] ACPI: Reserving FACP table memory at [mem 0xdfff00f0-0xdfff01e3]
[    0.003971] ACPI: Reserving DSDT table memory at [mem 0xdfff0370-0xdfff26c2]
[    0.003972] ACPI: Reserving FACS table memory at [mem 0xdfff0200-0xdfff023f]
[    0.003972] ACPI: Reserving FACS table memory at [mem 0xdfff0200-0xdfff023f]
[    0.003972] ACPI: Reserving APIC table memory at [mem 0xdfff0240-0xdfff02cb]
[    0.003973] ACPI: Reserving SSDT table memory at [mem 0xdfff02d0-0xdfff0363]
[    0.004092] No NUMA configuration found
[    0.004093] Faking a node at [mem 0x0000000000000000-0x00000005087fffff]
[    0.004095] NODE_DATA(0) allocated [mem 0x5087ed680-0x5087f0fff]
[    0.004291] ACPI: PM-Timer IO Port: 0x4008
[    0.004330] IOAPIC[0]: apic_id 8, version 32, address 0xfec00000, GSI 0-23
[    0.004332] ACPI: INT_SRC_OVR (bus 0 bus_irq 0 global_irq 2 dfl dfl)
[    0.004333] ACPI: INT_SRC_OVR (bus 0 bus_irq 9 global_irq 9 low level)
[    0.004335] ACPI: Using ACPI (MADT) for SMP configuration information
[    0.004337] CPU topo: Max. logical packages:   1
[    0.004338] CPU topo: Max. logical nodes:      1
[    0.004338] CPU topo: Num. nodes per package:  1
[    0.004340] CPU topo: Max. logical dies:       1
[    0.004340] CPU topo: Max. dies per package:   1
[    0.004343] CPU topo: Max. threads per core:   1
[    0.004343] CPU topo: Num. cores per package:     8
[    0.004344] CPU topo: Num. threads per package:   8
[    0.004344] CPU topo: Allowing 8 present CPUs plus 0 hotplug CPUs
[    0.004354] PM: hibernation: Registered nosave memory: [mem 0x00000000-0x00000fff]
[    0.004355] PM: hibernation: Registered nosave memory: [mem 0x0009f000-0x000fffff]
[    0.004355] PM: hibernation: Registered nosave memory: [mem 0xdfff0000-0xffffffff]
[    0.004356] [gap 0xe0000000-0xfebfffff] available for PCI devices
[    0.004357] Booting paravirtualized kernel on KVM
[    0.004358] clocksource: refined-jiffies: mask: 0xffffffff max_cycles: 0xffffffff, max_idle_ns: 1910969940391419 ns
[    0.008855] Zone ranges:
[    0.008855]   DMA      [mem 0x0000000000001000-0x0000000000ffffff]
[    0.008857]   DMA32    [mem 0x0000000001000000-0x00000000ffffffff]
[    0.008857]   Normal   [mem 0x0000000100000000-0x00000005087fffff]
[    0.008858] Movable zone start for each node
[    0.008859] Early memory node ranges
[    0.008859]   node   0: [mem 0x0000000000001000-0x000000000009efff]
[    0.008860]   node   0: [mem 0x0000000000100000-0x00000000dffeffff]
[    0.008860]   node   0: [mem 0x0000000100000000-0x00000005087fffff]
[    0.008861] Initmem setup node 0 [mem 0x0000000000001000-0x00000005087fffff]
[    0.009270] On node 0, zone DMA: 1 pages in unavailable ranges
[    0.009282] On node 0, zone DMA: 97 pages in unavailable ranges
[    0.072404] On node 0, zone Normal: 16 pages in unavailable ranges
[    0.072493] On node 0, zone Normal: 30720 pages in unavailable ranges
[    0.072507] setup_percpu: NR_CPUS:64 nr_cpumask_bits:8 nr_cpu_ids:8 nr_node_ids:1
[    0.072943] percpu: Embedded 53 pages/cpu s176920 r8192 d31976 u262144
[    0.072947] pcpu-alloc: s176920 r8192 d31976 u262144 alloc=1*2097152
[    0.072948] pcpu-alloc: [0] 0 1 2 3 4 5 6 7 
[    0.072965] Kernel command line: BOOT_IMAGE=/vmlinuz-7.3.0-rc5-cbopp-00011-g6f8319e3e9a4 root=/dev/sda4 ro
[    0.073190] random: crng init done
[    0.073191] printk: log buffer data + meta data: 262144 + 917504 = 1179648 bytes
[    0.078955] Dentry cache hash table entries: 4194304 (order: 13, 33554432 bytes, linear)
[    0.081784] Inode-cache hash table entries: 2097152 (order: 12, 16777216 bytes, linear)
[    0.081843] software IO TLB: area num 8.
[    0.093540] Fallback order for Node 0: 0 
[    0.093547] Built 1 zonelists, mobility grouping on.  Total pages: 5146510
[    0.093549] Policy zone: Normal
[    0.093552] mem auto-init: stack:all(zero), heap alloc:off, heap free:off
[    0.111215] SLUB: HWalign=64, Order=0-3, MinObjects=0, CPUs=8, Nodes=1
[    0.111286] Dynamic Preempt: full
[    0.111619] rcu: Preemptible hierarchical RCU implementation.
[    0.111620] rcu: 	RCU event tracing is enabled.
[    0.111620] rcu: 	RCU restricting CPUs from NR_CPUS=64 to nr_cpu_ids=8.
[    0.111622] 	Trampoline variant of Tasks RCU enabled.
[    0.111623] 	Tracing variant of Tasks RCU enabled.
[    0.111624] rcu: RCU calculated value of scheduler-enlistment delay is 100 jiffies.
[    0.111625] rcu: Adjusting geometry for rcu_fanout_leaf=16, nr_cpu_ids=8
[    0.111632] RCU Tasks: Setting shift to 3 and lim to 1 rcu_task_cb_adjust=1 rcu_task_cpu_ids=8.
[    0.117797] NR_IRQS: 4352, nr_irqs: 488, preallocated irqs: 16
[    0.117985] rcu: srcu_init: Setting srcu_struct sizes based on contention.
[    0.118283] clocksource: jiffies: mask: 0xffffffff max_cycles: 0xffffffff, max_idle_ns: 1911260446275000 ns
[    0.118409] Console: colour dummy device 80x25
[    0.118412] printk: legacy console [tty0] enabled
[    0.118518] ACPI: Core revision 20260408
[    0.118868] APIC: Switch to symmetric I/O mode setup
[    0.119098] x2apic enabled
[    0.119349] APIC: Switched APIC routing to: physical x2apic
[    0.120326] ..TIMER: vector=0x30 apic1=0 pin1=2 apic2=-1 pin2=-1
[    0.120347] clocksource: tsc-early: mask: 0xffffffffffffffff max_cycles: 0x2f7a74fe427, max_idle_ns: 440795287973 ns
[    0.120353] Calibrating delay loop (skipped) preset value.. 6587.62 BogoMIPS (lpj=3293810)
[    0.120458] Last level iTLB entries: 4KB 512, 2MB 512, 4MB 256
[    0.120460] Last level dTLB entries: 4KB 3072, 2MB 3072, 4MB 1536, 1GB 0
[    0.120464] mitigations: Enabled attack vectors: user_kernel, user_user, SMT mitigations: auto
[    0.120467] Speculative Return Stack Overflow: IBPB-extending microcode not applied!
[    0.120469] Speculative Return Stack Overflow: WARNING: See https://kernel.org/doc/html/latest/admin-guide/hw-vuln/srso.html for mitigation options.
[    0.120469] Transient Scheduler Attacks: Vulnerable: No microcode
[    0.120472] Spectre V2 : Mitigation: Retpolines
[    0.120473] Speculative Return Stack Overflow: Vulnerable: Safe RET, no microcode
[    0.120475] Spectre V1 : Mitigation: usercopy/swapgs barriers and __user pointer sanitization
[    0.120476] Spectre V2 : Spectre v2 / SpectreRSB: Filling RSB on context switch and VMEXIT
[    0.120478] Spectre V2 : mitigation: Enabling conditional Indirect Branch Prediction Barrier
[    0.120481] active return thunk: srso_alias_return_thunk
[    0.120497] x86/fpu: Supporting XSAVE feature 0x001: 'x87 floating point registers'
[    0.120499] x86/fpu: Supporting XSAVE feature 0x002: 'SSE registers'
[    0.120500] x86/fpu: Supporting XSAVE feature 0x004: 'AVX registers'
[    0.120501] x86/fpu: xstate_offset[2]:  576, xstate_sizes[2]:  256
[    0.120503] x86/fpu: Enabled xstate features 0x7, context size is 832 bytes, using 'standard' format.
[    0.121351] pid_max: default: 32768 minimum: 301
[    0.121351] SELinux:  Initializing.
[    0.121351] Mount-cache hash table entries: 65536 (order: 7, 524288 bytes, linear)
[    0.121351] Mountpoint-cache hash table entries: 65536 (order: 7, 524288 bytes, linear)
[    0.121351] VFS: Finished mounting rootfs on nullfs
[    0.225453] APIC calibration not consistent with PM-Timer: 119ms instead of 100ms
[    0.225459] APIC delta adjusted to PM-Timer: 6302364 (7505250)
[    0.225496] smpboot: CPU0: AMD Ryzen 7 PRO 7840U w/ Radeon 780M Graphics (family: 0x19, model: 0x74, stepping: 0x1)
[    0.225665] Performance Events: PMU not available due to virtualization, using software events only.
[    0.225706] signal: max sigframe size: 1776
[    0.225735] rcu: Hierarchical SRCU implementation.
[    0.225738] rcu: 	Max phase no-delay instances is 400.
[    0.225774] Timer migration: 1 hierarchy levels; 8 children per group; 1 crossnode level
[    0.231408] smp: Bringing up secondary CPUs ...
[    0.231504] smpboot: x86: Booting SMP configuration:
[    0.231508] .... node  #0, CPUs:      #1 #2 #3 #4 #5 #6 #7
[    0.239389] smp: Brought up 1 node, 8 CPUs
[    0.239397] smpboot: Total of 8 processors activated (52700.96 BogoMIPS)
[    0.240389] Memory: 20093880K/20586040K available (20044K kernel code, 3012K rwdata, 8204K rodata, 2960K init, 616K bss, 484896K reserved, 0K cma-reserved)
[    0.240969] devtmpfs: initialized
[    0.241545] posixtimers hash table entries: 4096 (order: 4, 65536 bytes, linear)
[    0.241545] futex hash table entries: 2048 (131072 bytes on 1 NUMA nodes, total 128 KiB, linear).
[    0.241545] PM: RTC time: 17:48:27, date: 2026-09-29
[    0.241545] NET: Registered PF_NETLINK/PF_ROUTE protocol family
[    0.241634] audit: initializing netlink subsys (disabled)
[    0.241643] audit: type=2000 audit(1790704113.138:1): state=initialized audit_enabled=0 res=1
[    0.242420] thermal_sys: Registered thermal governor 'step_wise'
[    0.242430] cpuidle: using governor menu
[    0.242514] PCI: Using configuration type 1 for base access
[    0.242514] PCI: Using configuration type 1 for extended access
[    0.242514] kprobes: kprobe jump-optimization is enabled. All kprobes are optimized if possible.
[    0.242514] HugeTLB: registered 2.00 MiB page size, pre-allocated 0 pages
[    0.242514] HugeTLB: 28 KiB vmemmap can be freed for a 2.00 MiB page
[    0.244199] ACPI: Added _OSI(Module Device)
[    0.244203] ACPI: Added _OSI(Processor Device)
[    0.244205] ACPI: Added _OSI(Processor Aggregator Device)
[    0.245494] ACPI: 2 ACPI AML tables successfully acquired and loaded
[    0.246365] ACPI: \_SB_: platform _OSC: OS support mask [002a7eee]
[    0.246482] ACPI: Interpreter enabled
[    0.246491] ACPI: PM: (supports S0 S5)
[    0.246494] ACPI: Using IOAPIC for interrupt routing
[    0.246629] PCI: Using host bridge windows from ACPI; if necessary, use "pci=nocrs" and report a bug
[    0.246634] PCI: Using E820 reservations for host bridge windows
[    0.246705] ACPI: Enabled 2 GPEs in block 00 to 07
[    0.250203] ACPI: PCI Root Bridge [PCI0] (domain 0000 [bus 00-ff])
[    0.250211] acpi PNP0A03:00: _OSC: OS supports [ExtendedConfig ASPM ClockPM Segments MSI HPX-Type3]
[    0.250512] acpi PNP0A03:00: _OSC: platform does not support [PCIeCapability LTR]
[    0.250785] acpi PNP0A03:00: _OSC: not requesting control; platform does not support [PCIeCapability]
[    0.250790] acpi PNP0A03:00: _OSC: OS requested [PME PCIeCapability LTR]
[    0.250794] acpi PNP0A03:00: _OSC: platform willing to grant [PME]
[    0.250798] acpi PNP0A03:00: _OSC: platform retains control of PCIe features (AE_SUPPORT)
[    0.250889] PCI host bridge to bus 0000:00
[    0.250893] pci_bus 0000:00: root bus resource [io  0x0000-0x0cf7 window]
[    0.250897] pci_bus 0000:00: root bus resource [io  0x0d00-0xffff window]
[    0.250901] pci_bus 0000:00: root bus resource [mem 0x000a0000-0x000bffff window]
[    0.250905] pci_bus 0000:00: root bus resource [mem 0xe0000000-0xfdffffff window]
[    0.250910] pci_bus 0000:00: root bus resource [bus 00-ff]
[    0.251061] pci 0000:00:00.0: [8086:1237] type 00 class 0x060000 conventional PCI endpoint
[    0.251321] pci 0000:00:01.0: [8086:7000] type 00 class 0x060100 conventional PCI endpoint
[    0.251621] pci 0000:00:01.1: [8086:7111] type 00 class 0x01018a conventional PCI endpoint
[    0.251774] pci 0000:00:01.1: BAR 4 [io  0xd000-0xd00f]
[    0.251795] pci 0000:00:01.1: BAR 0 [io  0x01f0-0x01f7]: legacy IDE quirk
[    0.251799] pci 0000:00:01.1: BAR 1 [io  0x03f6]: legacy IDE quirk
[    0.251803] pci 0000:00:01.1: BAR 2 [io  0x0170-0x0177]: legacy IDE quirk
[    0.251806] pci 0000:00:01.1: BAR 3 [io  0x0376]: legacy IDE quirk
[    0.251903] pci 0000:00:02.0: [15ad:0405] type 00 class 0x030000 conventional PCI endpoint
[    0.252639] pci 0000:00:02.0: BAR 0 [io  0xd010-0xd01f]
[    0.252671] pci 0000:00:02.0: BAR 1 [mem 0xe0000000-0xe0ffffff pref]
[    0.252686] pci 0000:00:02.0: BAR 2 [mem 0xf0000000-0xf01fffff]
[    0.252796] pci 0000:00:02.0: Video device with shadowed ROM at [mem 0x000c0000-0x000dffff]
[    0.253104] pci 0000:00:03.0: [8086:100e] type 00 class 0x020000 conventional PCI endpoint
[    0.253594] pci 0000:00:03.0: BAR 0 [mem 0xf0200000-0xf021ffff]
[    0.253633] pci 0000:00:03.0: BAR 2 [io  0xd020-0xd027]
[    0.254475] pci 0000:00:04.0: [80ee:cafe] type 00 class 0x088000 conventional PCI endpoint
[    0.255351] pci 0000:00:04.0: BAR 0 [io  0xd040-0xd05f]
[    0.255351] pci 0000:00:04.0: BAR 1 [mem 0xf0400000-0xf07fffff]
[    0.255351] pci 0000:00:04.0: BAR 2 [mem 0xf0800000-0xf0803fff pref]
[    0.255428] pci 0000:00:05.0: [8086:2415] type 00 class 0x040100 conventional PCI endpoint
[    0.255678] pci 0000:00:05.0: BAR 0 [io  0xd100-0xd1ff]
[    0.255691] pci 0000:00:05.0: BAR 1 [io  0xd200-0xd23f]
[    0.255847] pci 0000:00:06.0: [106b:003f] type 00 class 0x0c0310 conventional PCI endpoint
[    0.256580] pci 0000:00:06.0: BAR 0 [mem 0xf0804000-0xf0804fff]
[    0.256943] pci 0000:00:07.0: [8086:7113] type 00 class 0x068000 conventional PCI endpoint
[    0.257552] pci 0000:00:07.0: quirk: [io  0x4000-0x403f] claimed by PIIX4 ACPI
[    0.257567] pci 0000:00:07.0: quirk: [io  0x4100-0x410f] claimed by PIIX4 SMB
[    0.257785] pci 0000:00:0b.0: [8086:265c] type 00 class 0x0c0320 conventional PCI endpoint
[    0.258590] pci 0000:00:0b.0: BAR 0 [mem 0xf0805000-0xf0805fff]
[    0.258977] pci 0000:00:0d.0: [8086:2829] type 00 class 0x010601 conventional PCI endpoint
[    0.260351] pci 0000:00:0d.0: BAR 0 [io  0xd240-0xd247]
[    0.260351] pci 0000:00:0d.0: BAR 1 [io  0xd248-0xd24b]
[    0.260351] pci 0000:00:0d.0: BAR 2 [io  0xd250-0xd257]
[    0.260351] pci 0000:00:0d.0: BAR 3 [io  0xd258-0xd25b]
[    0.260351] pci 0000:00:0d.0: BAR 4 [io  0xd260-0xd26f]
[    0.260351] pci 0000:00:0d.0: BAR 5 [mem 0xf0806000-0xf0807fff]
[    0.262919] ACPI: PCI: Interrupt link LNKA configured for IRQ 11
[    0.263085] ACPI: PCI: Interrupt link LNKB configured for IRQ 10
[    0.263393] ACPI: PCI: Interrupt link LNKC configured for IRQ 9
[    0.263446] ACPI: PCI: Interrupt link LNKD configured for IRQ 11
[    0.263600] iommu: Default domain type: Translated
[    0.263605] iommu: DMA domain TLB invalidation policy: lazy mode
[    0.265743] SCSI subsystem initialized
[    0.265743] libata version 3.00 loaded.
[    0.266390] ACPI: bus type USB registered
[    0.266412] usbcore: registered new interface driver usbfs
[    0.266426] usbcore: registered new interface driver hub
[    0.266435] usbcore: registered new device driver usb
[    0.266453] pps_core: LinuxPPS API ver. 1 registered
[    0.266457] pps_core: Software ver. 5.3.6 - Copyright 2005-2007 Rodolfo Giometti <giometti@linux.it>
[    0.266465] PTP clock support registered
[    0.266491] Advanced Linux Sound Architecture Driver Initialized.
[    0.267528] NetLabel: Initializing
[    0.267533] NetLabel:  domain hash size = 128
[    0.267538] NetLabel:  protocols = UNLABELED CIPSOv4 CALIPSO
[    0.267568] NetLabel:  unlabeled traffic allowed by default
[    0.267604] PCI: Using ACPI for IRQ routing
[    0.267604] PCI: pci_cache_line_size set to 64 bytes
[    0.267604] e820: register RAM buffer resource [mem 0x0009fc00-0x0009ffff]
[    0.267604] e820: register RAM buffer resource [mem 0xdfff0000-0xdfffffff]
[    0.267604] e820: register RAM buffer resource [mem 0x508800000-0x50bffffff]
[    0.267604] pci 0000:00:02.0: vgaarb: setting as boot VGA device
[    0.267604] pci 0000:00:02.0: vgaarb: bridge control possible
[    0.267604] pci 0000:00:02.0: vgaarb: VGA device added: decodes=io+mem,owns=io+mem,locks=none
[    0.267604] vgaarb: loaded
[    0.268359] clocksource: Switched to clocksource kvm-clock
[    0.268485] VFS: Disk quotas dquot_6.6.0
[    0.268492] VFS: Dquot-cache hash table entries: 512 (4096 bytes)
[    0.269261] pnp: PnP ACPI init
[    0.269744] pnp: PnP ACPI: found 2 devices
[    0.276611] clocksource: acpi_pm: mask: 0xffffff max_cycles: 0xffffff, max_idle_ns: 2085701024 ns
[    0.276650] NET: Registered PF_INET protocol family
[    0.277045] IP idents hash table entries: 262144 (order: 9, 2097152 bytes, linear)
[    0.277600] tcp_listen_portaddr_hash hash table entries: 16384 (order: 6, 262144 bytes, linear)
[    0.277600] Table-perturb hash table entries: 65536 (order: 6, 262144 bytes, linear)
[    0.277600] TCP established hash table entries: 262144 (order: 9, 2097152 bytes, linear)
[    0.277600] TCP bind hash table entries: 65536 (order: 9, 2097152 bytes, linear)
[    0.277600] TCP: Hash tables configured (established 262144 bind 65536)
[    0.277600] UDP hash table entries: 16384 (order: 8, 1048576 bytes, linear)
[    0.277600] NET: Registered PF_UNIX/PF_LOCAL protocol family
[    0.280423] RPC: Registered named UNIX socket transport module.
[    0.280427] RPC: Registered udp transport module.
[    0.280430] RPC: Registered tcp transport module.
[    0.280433] RPC: Registered tcp-with-tls transport module.
[    0.280436] RPC: Registered tcp NFSv4.1 backchannel transport module.
[    0.280817] pci_bus 0000:00: resource 4 [io  0x0000-0x0cf7 window]
[    0.280822] pci_bus 0000:00: resource 5 [io  0x0d00-0xffff window]
[    0.280826] pci_bus 0000:00: resource 6 [mem 0x000a0000-0x000bffff window]
[    0.280830] pci_bus 0000:00: resource 7 [mem 0xe0000000-0xfdffffff window]
[    0.280860] pci 0000:00:00.0: Limiting direct PCI/PCI transfers
[    0.281806] PCI: CLS 0 bytes, default 64
[    0.281806] PCI-DMA: Using software bounce buffering for IO (SWIOTLB)
[    0.281806] software IO TLB: mapped [mem 0x00000000dbff0000-0x00000000dfff0000] (64MB)
[    0.281806] clocksource: tsc: mask: 0xffffffffffffffff max_cycles: 0x2f7a74fe427, max_idle_ns: 440795287973 ns
[    0.281806] platform rtc_cmos: registered fallback platform RTC device
[    0.284345] Initialise system trusted keyrings
[    0.284424] workingset: timestamp_bits=40 (anon: 35) max_order=23 bucket_order=0 (anon: 0)
[    0.284601] NFS: Registering the id_resolver key type
[    0.284608] Key type id_resolver registered
[    0.284611] Key type id_legacy registered
[    0.284616] nfs4filelayout_init: NFSv4 File Layout Driver Registering...
[    0.284622] nfs4flexfilelayout_init: NFSv4 Flexfile Layout Driver Registering...
[    0.284669] 9p: Installing v9fs 9p2000 file system support
[    0.286095] Key type asymmetric registered
[    0.286095] Asymmetric key parser 'x509' registered
[    0.286095] Block layer SCSI generic (bsg) driver version 0.4 loaded (major 251)
[    0.286095] io scheduler mq-deadline registered
[    0.286095] io scheduler kyber registered
[    0.293945] ACPI: AC: AC Adapter [AC] (on-line)
[    0.294003] input: Power Button as /devices/platform/LNXPWRBN:00/input/input0
[    0.294040] ACPI: button: Power Button [PWRF]
[    0.294111] input: Sleep Button as /devices/platform/LNXSLPBN:00/input/input1
[    0.294150] ACPI: button: Sleep Button [SLPF]
[    0.294205] ACPI: video: Video Device [GFX0] (multi-head: yes  rom: no  post: no)
[    0.294269] input: Video Bus as /devices/pci0000:00/acpi.video_bus.0/input/input2
[    0.294845] Serial: 8250/16550 driver, 4 ports, IRQ sharing enabled
[    0.295589] ACPI: battery: Slot [BAT0] (battery present)
[    0.295646] Non-volatile memory driver v1.3
[    0.295721] ACPI: bus type drm_connector registered
[    0.297620] loop: module loaded
[    0.298279] ahci 0000:00:0d.0: SSS flag set, parallel bus scan disabled
[    0.298369] ahci 0000:00:0d.0: AHCI vers 0001.0100, 32 command slots, 3 Gbps, SATA mode
[    0.298379] ahci 0000:00:0d.0: 1/1 ports implemented (port mask 0x1)
[    0.298383] ahci 0000:00:0d.0: flags: 64bit ncq stag only ccc 
[    0.298632] scsi host0: ahci
[    0.298682] ata1: SATA max UDMA/133 abar m8192@0xf0806000 port 0xf0806100 irq 21 lpm-pol 1
[    0.299125] scsi host1: ata_piix
[    0.299248] scsi host2: ata_piix
[    0.299611] ata2: PATA max UDMA/33 cmd 0x1f0 ctl 0x3f6 bmdma 0xd000 irq 14 lpm-pol 0
[    0.299617] ata3: PATA max UDMA/33 cmd 0x170 ctl 0x376 bmdma 0xd008 irq 15 lpm-pol 0
[    0.299874] e100: Intel(R) PRO/100 Network Driver
[    0.299877] e100: Copyright(c) 1999-2006 Intel Corporation
[    0.299890] e1000: Intel(R) PRO/1000 Network Driver
[    0.299893] e1000: Copyright (c) 1999-2006 Intel Corporation.
[    0.469664] ata2.00: ATAPI: VBOX CD-ROM, 1.0, max UDMA/133
[    0.724795] ata1: SATA link up 3.0 Gbps (SStatus 123 SControl 300)
[    0.724943] ata1.00: ATA-6: VBOX HARDDISK, 1.0, max UDMA/133
[    0.725010] ata1.00: 62914560 sectors, multi 128: LBA48 NCQ (depth 32)
[    0.725274] ata1.00: configured for UDMA/133
[    0.725697] scsi 0:0:0:0: Direct-Access     ATA      VBOX HARDDISK    1.0  PQ: 0 ANSI: 5
[    0.726251] sd 0:0:0:0: Attached scsi generic sg0 type 0
[    0.726911] sd 0:0:0:0: [sda] 62914560 512-byte logical blocks: (32.2 GB/30.0 GiB)
[    0.726965] sd 0:0:0:0: [sda] Write Protect is off
[    0.726969] sd 0:0:0:0: [sda] Mode Sense: 00 3a 00 00
[    0.727384] sd 0:0:0:0: [sda] Write cache: enabled, read cache: enabled, doesn't support DPO or FUA
[    0.727473] sd 0:0:0:0: [sda] Preferred minimum I/O size 512 bytes
[    0.727797] scsi 1:0:0:0: CD-ROM            VBOX     CD-ROM           1.0  PQ: 0 ANSI: 5
[    0.738856] e1000 0000:00:03.0 eth0: (PCI:33MHz:32-bit) 08:00:27:9d:6d:09
[    0.738867] e1000 0000:00:03.0 eth0: Intel(R) PRO/1000 Network Connection
[    0.738898] e1000e: Intel(R) PRO/1000 Network Driver
[    0.738904] e1000e: Copyright(c) 1999 - 2015 Intel Corporation.
[    0.738924] sky2: driver version 1.30
[    0.739569] ohci-pci 0000:00:06.0: OHCI PCI host controller
[    0.739629] ohci-pci 0000:00:06.0: new USB bus registered, assigned bus number 1
[    0.739698] ohci-pci 0000:00:06.0: irq 22, io mem 0xf0804000
[    0.741617]  sda: sda1 sda2 < sda5 > sda3 sda4
[    0.741957] sd 0:0:0:0: [sda] Attached SCSI disk
[    0.749836] sr 1:0:0:0: [sr0] scsi3-mmc drive: 32x/32x xa/form2 tray
[    0.750173] cdrom: Uniform CD-ROM driver Revision: 3.20
[    1.132147] clocksource: Switched to clocksource tsc
[    1.132176] usb usb1: New USB device found, idVendor=1d6b, idProduct=0001, bcdDevice= 7.03
[    1.132183] kwatchdog (101) used greatest stack depth: 14968 bytes left
[    1.132221] usb usb1: New USB device strings: Mfr=3, Product=2, SerialNumber=1
[    1.132229] usb usb1: Product: OHCI PCI host controller
[    1.132239] usb usb1: Manufacturer: Linux 7.3.0-rc5-cbopp-00011-g6f8319e3e9a4 ohci_hcd
[    1.132246] usb usb1: SerialNumber: 0000:00:06.0
[    1.132437] hub 1-0:1.0: USB hub found
[    1.132450] hub 1-0:1.0: 12 ports detected
[    1.132823] ehci-pci 0000:00:0b.0: EHCI Host Controller
[    1.132894] usbcore: registered new interface driver usblp
[    1.132899] ehci-pci 0000:00:0b.0: new USB bus registered, assigned bus number 2
[    1.132913] usbcore: registered new interface driver usb-storage
[    1.132954] i8042: PNP: PS/2 Controller [PNP0303:PS2K,PNP0f03:PS2M] at 0x60,0x64 irq 1,12
[    1.133056] ehci-pci 0000:00:0b.0: irq 19, io mem 0xf0805000
[    1.133387] serio: i8042 KBD port at 0x60,0x64 irq 1
[    1.133397] serio: i8042 AUX port at 0x60,0x64 irq 12
[    1.133890] rtc_cmos rtc_cmos: registered as rtc0
[    1.133954] input: AT Translated Set 2 keyboard as /devices/platform/i8042/serio0/input/input3
[    1.134067] rtc_cmos rtc_cmos: alarms up to one day, 114 bytes nvram
[    1.134174] device-mapper: ioctl: 4.50.0-ioctl (2025-04-28) initialised: dm-devel@lists.linux.dev
[    1.134426] simple-framebuffer simple-framebuffer.0: [drm] Registered 1 planes with drm panic
[    1.134472] [drm] Initialized simpledrm 1.0.0 for simple-framebuffer.0 on minor 0
[    1.134609] sr 1:0:0:0: Attached scsi CD-ROM sr0
[    1.135073] sr 1:0:0:0: Attached scsi generic sg1 type 5
[    1.137677] Console: switching to colour frame buffer device 128x48
[    1.138072] input: ImExPS/2 Generic Explorer Mouse as /devices/platform/i8042/serio1/input/input5
[    1.138165] simple-framebuffer simple-framebuffer.0: [drm] fb0: simpledrmdrmfb frame buffer device
[    1.138192] hid: raw HID events driver (C) Jiri Kosina
[    1.138383] usbcore: registered new interface driver usbhid
[    1.138389] usbhid: USB HID core driver
[    1.139130] nf_conntrack_irc: The irc conntrack helper is scheduled for removal.
               Please contact the netfilter-devel mailing list if you still need this.
[    1.139145] ehci-pci 0000:00:0b.0: USB 2.0 started, EHCI 1.00
[    1.139194] usb usb2: New USB device found, idVendor=1d6b, idProduct=0002, bcdDevice= 7.03
[    1.139520] usb usb2: New USB device strings: Mfr=3, Product=2, SerialNumber=1
[    1.139544] Initializing XFRM netlink socket
[    1.139565] usb usb2: Product: EHCI Host Controller
[    1.139573] NET: Registered PF_INET6 protocol family
[    1.139588] usb usb2: Manufacturer: Linux 7.3.0-rc5-cbopp-00011-g6f8319e3e9a4 ehci_hcd
[    1.139606] usb usb2: SerialNumber: 0000:00:0b.0
[    1.139759] hub 2-0:1.0: USB hub found
[    1.139780] hub 2-0:1.0: 12 ports detected
[    1.140184] Segment Routing with IPv6
[    1.140213] In-situ OAM (IOAM) with IPv6
[    1.140250] sit: IPv6, IPv4 and MPLS over IPv4 tunneling driver
[    1.140382] NET: Registered PF_PACKET protocol family
[    1.140422] 9pnet: Installing 9P2000 support
[    1.140450] Key type dns_resolver registered
[    1.141482] IPI shorthand broadcast: enabled
[    1.144096] sched_clock: Marking stable (1141027330, 2069392)->(1183121852, -40025130)
[    1.146003] registered taskstats version 1
[    1.146363] Loading compiled-in X.509 certificates
[    1.149036] Demotion targets for Node 0: null
[    1.149425] PM:   Magic number: 10:789:846
[    1.149688] netconsole: network logging started
[    1.149962] cfg80211: Loading compiled-in X.509 certificates for regulatory database
[    1.150306] kworker/u32:3 (107) used greatest stack depth: 14440 bytes left
[    1.150772] Loaded X.509 cert 'sforshee: 00b28ddf47aef9cea7'
[    1.151109] Loaded X.509 cert 'wens: 61c038651aabdcf94bd0ac7ff06c7248db18c600'
[    1.151359] faux_driver regulatory: Direct firmware load for regulatory.db failed with error -2
[    1.151601] cfg80211: failed to load regulatory.db
[    1.151821] ALSA device list:
[    1.151989]   No soundcards found.
[    1.152214] md: Waiting for all devices to be available before autodetect
[    1.152447] md: If you don't use raid, use raid=noautodetect
[    1.152661] md: Autodetecting RAID arrays.
[    1.152874] md: autorun ...
[    1.153087] md: ... autorun DONE.
[    1.193972] EXT4-fs (sda4): mounted filesystem 1b5d8dee-0edf-4c66-a0ba-9eaa6125214d ro with ordered data mode. Quota mode: none.
[    1.196166] VFS: Mounted root (ext4 filesystem) readonly on device 8:4.
[    1.197737] devtmpfs: mounted
[    1.201171] VFS: Pivoted into new rootfs
[    1.202196] Freeing unused kernel image (initmem) memory: 2960K
[    1.202381] Write protecting the kernel read-only data: 30720k
[    1.202780] Freeing unused kernel image (text/rodata gap) memory: 432K
[    1.203458] Freeing unused kernel image (rodata/data gap) memory: 2036K
[    1.249545] x86/mm: Checked W+X mappings: passed, no W+X pages found.
[    1.249820] Run /sbin/init as init process
[    1.250064]   with arguments:
[    1.250066]     /sbin/init
[    1.250067]   with environment:
[    1.250067]     HOME=/
[    1.250068]     TERM=linux
[    1.284701] stty (117) used greatest stack depth: 12856 bytes left
[    1.312659] echo (129) used greatest stack depth: 12528 bytes left
[    1.430133] usb 1-1: new full-speed USB device number 2 using ohci-pci
[    1.439448] udevd[246]: Starting systemd-udevd version 257.8
[    1.452058] udevd[247]: Using default interface naming scheme 'v257'.
[    1.518927] e1000 0000:00:03.0 enp0s3: renamed from eth0
[    1.715023] usb 1-1: New USB device found, idVendor=80ee, idProduct=0021, bcdDevice= 1.00
[    1.730570] usb 1-1: New USB device strings: Mfr=1, Product=3, SerialNumber=0
[    1.730917] usb 1-1: Product: USB Tablet
[    1.731250] usb 1-1: Manufacturer: VirtualBox
[    1.742256] input: VirtualBox USB Tablet as /devices/pci0000:00/0000:00:06.0/usb1/1-1/1-1:1.0/0003:80EE:0021.0001/input/input6
[    1.744811] hid-generic 0003:80EE:0021.0001: input,hidraw0: USB HID v1.10 Mouse [VirtualBox USB Tablet] on usb-0000:00:06.0-1/input0
[    3.644212] clocksource: Marking clocksource tsc unstable due to frequency skew
[    3.644633] clocksource: Watchdog               kvm-clock interval:            14217ns
[    3.644980] clocksource: Clocksource                  tsc interval:            14056ns
[    3.645255] tsc: Marking TSC unstable due to clocksource watchdog
[    3.649811] clocksource: Switched to clocksource kvm-clock
[   11.043016] Adding 1951740k swap on /dev/sda5.  Priority:1 extents:1 across:1951740k 
[   11.074131] EXT4-fs (sda4): re-mounted 1b5d8dee-0edf-4c66-a0ba-9eaa6125214d.
[   11.124299] EXT4-fs (sda4): re-mounted 1b5d8dee-0edf-4c66-a0ba-9eaa6125214d r/w.
[   11.141062] EXT4-fs (sda3): mounted filesystem b0244f6d-e83f-4e66-a48b-763103f5f8c3 r/w with ordered data mode. Quota mode: none.
[   11.396971] e1000: enp0s3 NIC Link is Up 1000 Mbps Full Duplex, Flow Control: RX
[   17.521776] (udev-worker) (280) used greatest stack depth: 12440 bytes left
[  133.594288] rcu: INFO: rcu_preempt detected stalls on CPUs/tasks:
[  133.594296] rcu: 	1-...!: (154 ticks this GP) idle=3148/0/0x0 softirq=646/647 fqs=1 (false positive?)
[  133.594303] rcu: 	(detected by 2, t=21026 jiffies, g=-11, q=117 ncpus=8)
[  133.594307] Sending NMI from CPU 2 to CPUs 1:
[  133.594362] NMI backtrace for cpu 1
[  133.594369] CPU: 1 UID: 0 PID: 0 Comm: swapper/1 Not tainted 7.3.0-rc5-cbopp-00011-g6f8319e3e9a4 #1 PREEMPT(full) 
[  133.594372] Hardware name: innotek GmbH VirtualBox/VirtualBox, BIOS VirtualBox 12/01/2006
[  133.594375] RIP: 0010:pv_native_safe_halt+0xf/0x20
[  133.594404] Code: fe 7b 00 e9 7e 4b d8 fe 0f 1f 00 90 90 90 90 90 90 90 90 90 90 90 90 90 90 90 90 f3 0f 1e fa eb 07 0f 00 2d a5 d8 08 00 fb f4 <e9> 57 4b d8 fe 66 2e 0f 1f 84 00 00 00 00 00 66 90 90 90 90 90 90
[  133.594406] RSP: 0018:ffffb89cc00abed8 EFLAGS: 00000202
[  133.594409] RAX: ffff9a2fef2c5000 RBX: 0000000000000000 RCX: 0000000000000000
[  133.594411] RDX: 0000000000000000 RSI: 0000000000000000 RDI: 0000000000023144
[  133.594412] RBP: ffff9a2b802a2180 R08: 0000000000023144 R09: ffff9a2f74865290
[  133.594413] R10: ffff9a2f7485c738 R11: 0000000000000000 R12: 0000000000000000
[  133.594414] R13: 0000000000000000 R14: 0000000000000000 R15: 0000000000000000
[  133.594418] FS:  0000000000000000(0000) GS:ffff9a2fef2c5000(0000) knlGS:0000000000000000
[  133.594419] CS:  0010 DS: 0000 ES: 0000 CR0: 0000000080050033
[  133.594421] CR2: 000055767d504270 CR3: 00000001059ee000 CR4: 00000000000506f0
[  133.594422] Call Trace:
[  133.594432]  <TASK>
[  133.594433]  default_idle+0x9/0x10
[  133.594437]  default_idle_call+0x2e/0x100
[  133.594439]  ? srso_alias_return_thunk+0x5/0xfbef5
[  133.594447]  do_idle+0x212/0x2b0
[  133.594464]  cpu_startup_entry+0x24/0x30
[  133.594467]  start_secondary+0xf3/0x100
[  133.594477]  common_startup_64+0x13e/0x158
[  133.594485]  </TASK>
[  133.595317] rcu: rcu_preempt kthread timer wakeup didn't happen for 21016 jiffies! g-11 f0x0 RCU_GP_WAIT_FQS(5) ->state=I
[  133.595325] rcu: 	Possible timer handling issue on cpu=1 timer-softirq=211
[  133.595327] rcu: rcu_preempt kthread starved for 21019 jiffies! g-11 f0x0 RCU_GP_WAIT_FQS(5) ->state=I ->cpu=1
[  133.595330] rcu: 	Unless rcu_preempt kthread gets sufficient CPU time, OOM is now expected behavior.
[  133.595331] rcu: RCU grace-period kthread stack dump:
[  133.595333] task:rcu_preempt     state:I stack:14736 pid:15    tgid:15    ppid:2      task_flags:0x208040 flags:0x00080000
[  133.595340] Call Trace:
[  133.595342]  <TASK>
[  133.595345]  __schedule+0x45c/0x1000
[  133.595352]  schedule+0x23/0xa0
[  133.595355]  schedule_timeout+0x7e/0x100
[  133.595359]  ? __pfx_process_timeout+0x10/0x10
[  133.595365]  rcu_gp_fqs_loop+0x103/0x620
[  133.595371]  ? __pfx_rcu_gp_kthread+0x10/0x10
[  133.595379]  rcu_gp_kthread+0xf9/0x1d0
[  133.595387]  kthread+0xdf/0x110
[  133.595392]  ? __pfx_kthread+0x10/0x10
[  133.595396]  ret_from_fork+0x179/0x240
[  133.595399]  ? __pfx_kthread+0x10/0x10
[  133.595402]  ret_from_fork_asm+0x1a/0x30
[  133.595412]  </TASK>
